2026-05-03 15:50:37.837 | INFO     | app.logger:setup_logging:37 - Logging initialized for SmartHire backend
2026-05-03 15:50:38.065 | INFO     | app.logger:logging_middleware:69 - Request: POST /api/calls/voice/demo
2026-05-03 15:50:38.072 | INFO     | app.logger:logging_middleware:84 - Response: POST /api/calls/voice/demo -> 400
2026-05-03 15:50:38.088 | INFO     | app.logger:logging_middleware:69 - Request: POST /api/calls/voice/demo
2026-05-03 15:50:38.090 | WARNING  | app.routes.calls:create_demo_voice_call:728 - create_demo_voice_call: generate_hr_line failed (test_demo_voice_call_creates_call_with_twiml_url.<locals>.fake_line() got an unexpected keyword argument 'session_code'), using generic opener
2026-05-03 15:50:38.098 | INFO     | app.logger:logging_middleware:84 - Response: POST /api/calls/voice/demo -> 200
2026-05-03 15:50:38.112 | INFO     | app.logger:logging_middleware:69 - Request: POST /api/calls/voice/demo
2026-05-03 15:50:38.117 | WARNING  | app.routes.calls:create_demo_voice_call:728 - create_demo_voice_call: generate_hr_line failed (test_demo_voice_call_fails_before_scheduling_when_elevenlabs_unavailable.<locals>.fake_line() got an unexpected keyword argument 'session_code'), using generic opener
2026-05-03 15:50:38.117 | WARNING  | app.routes.calls:create_demo_voice_call:735 - create_demo_voice_call: TTS unavailable (ElevenLabs TTS unavailable), placing call without pre-fetched audio — TwiML will fall back to <Say>
2026-05-03 15:50:38.119 | ERROR    | app.routes.calls:create_demo_voice_call:789 - Twilio call creation failed
Traceback (most recent call last):

  File "C:\Users\shreya163487\AppData\Local\Programs\Python\Python311\Lib\threading.py", line 995, in _bootstrap
    self._bootstrap_inner()
    │    └ <function Thread._bootstrap_inner at 0x000002325A0CDC60>
    └ <Thread(asyncio-portal-2327256b490, started daemon 9976)>
  File "C:\Users\shreya163487\AppData\Local\Programs\Python\Python311\Lib\threading.py", line 1038, in _bootstrap_inner
    self.run()
    │    └ <function Thread.run at 0x000002325A0CD940>
    └ <Thread(asyncio-portal-2327256b490, started daemon 9976)>
  File "C:\Users\shreya163487\AppData\Local\Programs\Python\Python311\Lib\threading.py", line 975, in run
    self._target(*self._args, **self._kwargs)
    │    │        │    │        │    └ {}
    │    │        │    │        └ <Thread(asyncio-portal-2327256b490, started daemon 9976)>
    │    │        │    └ ()
    │    │        └ <Thread(asyncio-portal-2327256b490, started daemon 9976)>
    │    └ <function start_blocking_portal.<locals>.run_blocking_portal at 0x0000023272363060>
    └ <Thread(asyncio-portal-2327256b490, started daemon 9976)>
  File "C:\Users\shreya163487\AppData\Local\Programs\Python\Python311\Lib\site-packages\anyio\from_thread.py", line 524, in run_blocking_portal
    run_eventloop(
    └ <function run at 0x000002325C1619E0>
  File "C:\Users\shreya163487\AppData\Local\Programs\Python\Python311\Lib\site-packages\anyio\_core\_eventloop.py", line 75, in run
    return async_backend.run(func, args, {}, backend_options)
           │             │   │     │         └ {}
           │             │   │     └ ()
           │             │   └ <function start_blocking_portal.<locals>.run_portal at 0x00000232723622A0>
           │             └ <classmethod(<function AsyncIOBackend.run at 0x000002325C3ED260>)>
           └ <class 'anyio._backends._asyncio.AsyncIOBackend'>
  File "C:\Users\shreya163487\AppData\Local\Programs\Python\Python311\Lib\site-packages\anyio\_backends\_asyncio.py", line 2365, in run
    return runner.run(wrapper())
           │      │   └ <function start_blocking_portal.<locals>.run_portal at 0x000002325F478CC0>
           │      └ <function Runner.run at 0x000002325C312FC0>
           └ <asyncio.runners.Runner object at 0x000002327256AE50>
  File "C:\Users\shreya163487\AppData\Local\Programs\Python\Python311\Lib\asyncio\runners.py", line 118, in run
    return self._loop.run_until_complete(task)
           │    │     │                  └ <Task pending name='anyio.from_thread.start_blocking_portal.<locals>.run_portal' coro=<start_blocking_portal.<locals>.run_por...
           │    │     └ <function BaseEventLoop.run_until_complete at 0x000002325C310B80>
           │    └ <ProactorEventLoop running=True closed=False debug=False>
           └ <asyncio.runners.Runner object at 0x000002327256AE50>
  File "C:\Users\shreya163487\AppData\Local\Programs\Python\Python311\Lib\asyncio\base_events.py", line 640, in run_until_complete
    self.run_forever()
    │    └ <function ProactorEventLoop.run_forever at 0x000002325C385E40>
    └ <ProactorEventLoop running=True closed=False debug=False>
  File "C:\Users\shreya163487\AppData\Local\Programs\Python\Python311\Lib\asyncio\windows_events.py", line 321, in run_forever
    super().run_forever()
  File "C:\Users\shreya163487\AppData\Local\Programs\Python\Python311\Lib\asyncio\base_events.py", line 607, in run_forever
    self._run_once()
    │    └ <function BaseEventLoop._run_once at 0x000002325C3128E0>
    └ <ProactorEventLoop running=True closed=False debug=False>
  File "C:\Users\shreya163487\AppData\Local\Programs\Python\Python311\Lib\asyncio\base_events.py", line 1922, in _run_once
    handle._run()
    │      └ <function Handle._run at 0x000002325C267060>
    └ <Handle Task.task_wakeup(<Future cancelled>)>
  File "C:\Users\shreya163487\AppData\Local\Programs\Python\Python311\Lib\asyncio\events.py", line 80, in _run
    self._context.run(self._callback, *self._args)
    │    │            │    │           │    └ <member '_args' of 'Handle' objects>
    │    │            │    │           └ <Handle Task.task_wakeup(<Future cancelled>)>
    │    │            │    └ <member '_callback' of 'Handle' objects>
    │    │            └ <Handle Task.task_wakeup(<Future cancelled>)>
    │    └ <member '_context' of 'Handle' objects>
    └ <Handle Task.task_wakeup(<Future cancelled>)>
  File "C:\Users\shreya163487\AppData\Local\Programs\Python\Python311\Lib\site-packages\starlette\middleware\base.py", line 149, in coro
    await self.app(scope, receive_or_disconnect, send_no_error)
          │    │   │      │                      └ <function BaseHTTPMiddleware.__call__.<locals>.call_next.<locals>.send_no_error at 0x00000232725851C0>
          │    │   │      └ <function BaseHTTPMiddleware.__call__.<locals>.call_next.<locals>.receive_or_disconnect at 0x0000023272584FE0>
          │    │   └ {'type': 'http', 'http_version': '1.1', 'method': 'POST', 'path': '/api/calls/voice/demo', 'raw_path': b'/api/calls/voice/dem...
          │    └ <starlette.middleware.cors.CORSMiddleware object at 0x0000023271FC90D0>
          └ <starlette.middleware.base.BaseHTTPMiddleware object at 0x0000023271FC1210>
  File "C:\Users\shreya163487\AppData\Local\Programs\Python\Python311\Lib\site-packages\starlette\middleware\cors.py", line 85, in __call__
    await self.app(scope, receive, send)
          │    │   │      │        └ <function BaseHTTPMiddleware.__call__.<locals>.call_next.<locals>.send_no_error at 0x00000232725851C0>
          │    │   │      └ <function BaseHTTPMiddleware.__call__.<locals>.call_next.<locals>.receive_or_disconnect at 0x0000023272584FE0>
          │    │   └ {'type': 'http', 'http_version': '1.1', 'method': 'POST', 'path': '/api/calls/voice/demo', 'raw_path': b'/api/calls/voice/dem...
          │    └ <starlette.middleware.exceptions.ExceptionMiddleware object at 0x000002327244C490>
          └ <starlette.middleware.cors.CORSMiddleware object at 0x0000023271FC90D0>
  File "C:\Users\shreya163487\AppData\Local\Programs\Python\Python311\Lib\site-packages\starlette\middleware\exceptions.py", line 62, in __call__
    await wrap_app_handling_exceptions(self.app, conn)(scope, receive, send)
          │                            │    │    │     │      │        └ <function BaseHTTPMiddleware.__call__.<locals>.call_next.<locals>.send_no_error at 0x00000232725851C0>
          │                            │    │    │     │      └ <function BaseHTTPMiddleware.__call__.<locals>.call_next.<locals>.receive_or_disconnect at 0x0000023272584FE0>
          │                            │    │    │     └ {'type': 'http', 'http_version': '1.1', 'method': 'POST', 'path': '/api/calls/voice/demo', 'raw_path': b'/api/calls/voice/dem...
          │                            │    │    └ <starlette.requests.Request object at 0x000002327259C650>
          │                            │    └ <fastapi.routing.APIRouter object at 0x0000023271FBC3D0>
          │                            └ <starlette.middleware.exceptions.ExceptionMiddleware object at 0x000002327244C490>
          └ <function wrap_app_handling_exceptions at 0x000002325DB34F40>
  File "C:\Users\shreya163487\AppData\Local\Programs\Python\Python311\Lib\site-packages\starlette\_exception_handler.py", line 51, in wrapped_app
    await app(scope, receive, sender)
          │   │      │        └ <function wrap_app_handling_exceptions.<locals>.wrapped_app.<locals>.sender at 0x00000232725854E0>
          │   │      └ <function BaseHTTPMiddleware.__call__.<locals>.call_next.<locals>.receive_or_disconnect at 0x0000023272584FE0>
          │   └ {'type': 'http', 'http_version': '1.1', 'method': 'POST', 'path': '/api/calls/voice/demo', 'raw_path': b'/api/calls/voice/dem...
          └ <fastapi.routing.APIRouter object at 0x0000023271FBC3D0>
  File "C:\Users\shreya163487\AppData\Local\Programs\Python\Python311\Lib\site-packages\starlette\routing.py", line 715, in __call__
    await self.middleware_stack(scope, receive, send)
          │    │                │      │        └ <function wrap_app_handling_exceptions.<locals>.wrapped_app.<locals>.sender at 0x00000232725854E0>
          │    │                │      └ <function BaseHTTPMiddleware.__call__.<locals>.call_next.<locals>.receive_or_disconnect at 0x0000023272584FE0>
          │    │                └ {'type': 'http', 'http_version': '1.1', 'method': 'POST', 'path': '/api/calls/voice/demo', 'raw_path': b'/api/calls/voice/dem...
          │    └ <bound method Router.app of <fastapi.routing.APIRouter object at 0x0000023271FBC3D0>>
          └ <fastapi.routing.APIRouter object at 0x0000023271FBC3D0>
  File "C:\Users\shreya163487\AppData\Local\Programs\Python\Python311\Lib\site-packages\starlette\routing.py", line 735, in app
    await route.handle(scope, receive, send)
          │     │      │      │        └ <function wrap_app_handling_exceptions.<locals>.wrapped_app.<locals>.sender at 0x00000232725854E0>
          │     │      │      └ <function BaseHTTPMiddleware.__call__.<locals>.call_next.<locals>.receive_or_disconnect at 0x0000023272584FE0>
          │     │      └ {'type': 'http', 'http_version': '1.1', 'method': 'POST', 'path': '/api/calls/voice/demo', 'raw_path': b'/api/calls/voice/dem...
          │     └ <function Route.handle at 0x000002325DB36660>
          └ APIRoute(path='/api/calls/voice/demo', name='create_demo_voice_call', methods=['POST'])
  File "C:\Users\shreya163487\AppData\Local\Programs\Python\Python311\Lib\site-packages\starlette\routing.py", line 288, in handle
    await self.app(scope, receive, send)
          │    │   │      │        └ <function wrap_app_handling_exceptions.<locals>.wrapped_app.<locals>.sender at 0x00000232725854E0>
          │    │   │      └ <function BaseHTTPMiddleware.__call__.<locals>.call_next.<locals>.receive_or_disconnect at 0x0000023272584FE0>
          │    │   └ {'type': 'http', 'http_version': '1.1', 'method': 'POST', 'path': '/api/calls/voice/demo', 'raw_path': b'/api/calls/voice/dem...
          │    └ <function request_response.<locals>.app at 0x00000232723D40E0>
          └ APIRoute(path='/api/calls/voice/demo', name='create_demo_voice_call', methods=['POST'])
  File "C:\Users\shreya163487\AppData\Local\Programs\Python\Python311\Lib\site-packages\starlette\routing.py", line 76, in app
    await wrap_app_handling_exceptions(app, request)(scope, receive, send)
          │                            │    │        │      │        └ <function wrap_app_handling_exceptions.<locals>.wrapped_app.<locals>.sender at 0x00000232725854E0>
          │                            │    │        │      └ <function BaseHTTPMiddleware.__call__.<locals>.call_next.<locals>.receive_or_disconnect at 0x0000023272584FE0>
          │                            │    │        └ {'type': 'http', 'http_version': '1.1', 'method': 'POST', 'path': '/api/calls/voice/demo', 'raw_path': b'/api/calls/voice/dem...
          │                            │    └ <starlette.requests.Request object at 0x000002327259C610>
          │                            └ <function request_response.<locals>.app.<locals>.app at 0x0000023272585580>
          └ <function wrap_app_handling_exceptions at 0x000002325DB34F40>
  File "C:\Users\shreya163487\AppData\Local\Programs\Python\Python311\Lib\site-packages\starlette\_exception_handler.py", line 51, in wrapped_app
    await app(scope, receive, sender)
          │   │      │        └ <function wrap_app_handling_exceptions.<locals>.wrapped_app.<locals>.sender at 0x00000232725856C0>
          │   │      └ <function BaseHTTPMiddleware.__call__.<locals>.call_next.<locals>.receive_or_disconnect at 0x0000023272584FE0>
          │   └ {'type': 'http', 'http_version': '1.1', 'method': 'POST', 'path': '/api/calls/voice/demo', 'raw_path': b'/api/calls/voice/dem...
          └ <function request_response.<locals>.app.<locals>.app at 0x0000023272585580>
  File "C:\Users\shreya163487\AppData\Local\Programs\Python\Python311\Lib\site-packages\starlette\routing.py", line 73, in app
    response = await f(request)
                     │ └ <starlette.requests.Request object at 0x000002327259C610>
                     └ <function get_request_handler.<locals>.app at 0x00000232723D4400>
  File "C:\Users\shreya163487\AppData\Local\Programs\Python\Python311\Lib\site-packages\fastapi\routing.py", line 301, in app
    raw_response = await run_endpoint_function(
                         └ <function run_endpoint_function at 0x000002325DB36160>
  File "C:\Users\shreya163487\AppData\Local\Programs\Python\Python311\Lib\site-packages\fastapi\routing.py", line 212, in run_endpoint_function
    return await dependant.call(**values)
                 │         │      └ {'_user': namespace(id=1, email='admin@example.com', role='admin'), 'request': <starlette.requests.Request object at 0x000002...
                 │         └ <function create_demo_voice_call at 0x0000023260D17600>
                 └ Dependant(path_params=[], query_params=[], header_params=[], cookie_params=[], body_params=[], dependencies=[Dependant(path_p...

> File "D:\Smarthire2.0\SmartHire\backend\app\routes\calls.py", line 763, in create_demo_voice_call
    call = client.calls.create(
           │      │     └ <function test_demo_voice_call_fails_before_scheduling_when_elevenlabs_unavailable.<locals>.FakeCalls.create at 0x00000232724...
           │      └ <test_calls.test_demo_voice_call_fails_before_scheduling_when_elevenlabs_unavailable.<locals>.FakeCalls object at 0x000002327...
           └ <test_calls.test_demo_voice_call_fails_before_scheduling_when_elevenlabs_unavailable.<locals>.FakeClient object at 0x00000232...

  File "D:\Smarthire2.0\SmartHire\backend\tests\test_calls.py", line 135, in create
    raise AssertionError("Twilio call should not be created when ElevenLabs is unavailable")

AssertionError: Twilio call should not be created when ElevenLabs is unavailable
2026-05-03 15:50:38.291 | INFO     | app.logger:logging_middleware:84 - Response: POST /api/calls/voice/demo -> 502
2026-05-03 15:50:42.110 | INFO     | app.logger:logging_middleware:69 - Request: GET /api/calls/voice/twiml
2026-05-03 15:50:42.112 | ERROR    | app.routes.calls:voice_twiml:1412 - voice_twiml failed
Traceback (most recent call last):

  File "C:\Users\shreya163487\AppData\Local\Programs\Python\Python311\Lib\threading.py", line 995, in _bootstrap
    self._bootstrap_inner()
    │    └ <function Thread._bootstrap_inner at 0x000002325A0CDC60>
    └ <Thread(asyncio-portal-232736e5750, started daemon 10132)>
  File "C:\Users\shreya163487\AppData\Local\Programs\Python\Python311\Lib\threading.py", line 1038, in _bootstrap_inner
    self.run()
    │    └ <function Thread.run at 0x000002325A0CD940>
    └ <Thread(asyncio-portal-232736e5750, started daemon 10132)>
  File "C:\Users\shreya163487\AppData\Local\Programs\Python\Python311\Lib\threading.py", line 975, in run
    self._target(*self._args, **self._kwargs)
    │    │        │    │        │    └ {}
    │    │        │    │        └ <Thread(asyncio-portal-232736e5750, started daemon 10132)>
    │    │        │    └ ()
    │    │        └ <Thread(asyncio-portal-232736e5750, started daemon 10132)>
    │    └ <function start_blocking_portal.<locals>.run_blocking_portal at 0x00000232737E68E0>
    └ <Thread(asyncio-portal-232736e5750, started daemon 10132)>
  File "C:\Users\shreya163487\AppData\Local\Programs\Python\Python311\Lib\site-packages\anyio\from_thread.py", line 524, in run_blocking_portal
    run_eventloop(
    └ <function run at 0x000002325C1619E0>
  File "C:\Users\shreya163487\AppData\Local\Programs\Python\Python311\Lib\site-packages\anyio\_core\_eventloop.py", line 75, in run
    return async_backend.run(func, args, {}, backend_options)
           │             │   │     │         └ {}
           │             │   │     └ ()
           │             │   └ <function start_blocking_portal.<locals>.run_portal at 0x00000232737E6840>
           │             └ <classmethod(<function AsyncIOBackend.run at 0x000002325C3ED260>)>
           └ <class 'anyio._backends._asyncio.AsyncIOBackend'>
  File "C:\Users\shreya163487\AppData\Local\Programs\Python\Python311\Lib\site-packages\anyio\_backends\_asyncio.py", line 2365, in run
    return runner.run(wrapper())
           │      │   └ <function start_blocking_portal.<locals>.run_portal at 0x00000232737E6A20>
           │      └ <function Runner.run at 0x000002325C312FC0>
           └ <asyncio.runners.Runner object at 0x00000232736E51D0>
  File "C:\Users\shreya163487\AppData\Local\Programs\Python\Python311\Lib\asyncio\runners.py", line 118, in run
    return self._loop.run_until_complete(task)
           │    │     │                  └ <Task pending name='anyio.from_thread.start_blocking_portal.<locals>.run_portal' coro=<start_blocking_portal.<locals>.run_por...
           │    │     └ <function BaseEventLoop.run_until_complete at 0x000002325C310B80>
           │    └ <ProactorEventLoop running=True closed=False debug=False>
           └ <asyncio.runners.Runner object at 0x00000232736E51D0>
  File "C:\Users\shreya163487\AppData\Local\Programs\Python\Python311\Lib\asyncio\base_events.py", line 640, in run_until_complete
    self.run_forever()
    │    └ <function ProactorEventLoop.run_forever at 0x000002325C385E40>
    └ <ProactorEventLoop running=True closed=False debug=False>
  File "C:\Users\shreya163487\AppData\Local\Programs\Python\Python311\Lib\asyncio\windows_events.py", line 321, in run_forever
    super().run_forever()
  File "C:\Users\shreya163487\AppData\Local\Programs\Python\Python311\Lib\asyncio\base_events.py", line 607, in run_forever
    self._run_once()
    │    └ <function BaseEventLoop._run_once at 0x000002325C3128E0>
    └ <ProactorEventLoop running=True closed=False debug=False>
  File "C:\Users\shreya163487\AppData\Local\Programs\Python\Python311\Lib\asyncio\base_events.py", line 1922, in _run_once
    handle._run()
    │      └ <function Handle._run at 0x000002325C267060>
    └ <Handle <TaskStepMethWrapper object at 0x0000023273820EB0>()>
  File "C:\Users\shreya163487\AppData\Local\Programs\Python\Python311\Lib\asyncio\events.py", line 80, in _run
    self._context.run(self._callback, *self._args)
    │    │            │    │           │    └ <member '_args' of 'Handle' objects>
    │    │            │    │           └ <Handle <TaskStepMethWrapper object at 0x0000023273820EB0>()>
    │    │            │    └ <member '_callback' of 'Handle' objects>
    │    │            └ <Handle <TaskStepMethWrapper object at 0x0000023273820EB0>()>
    │    └ <member '_context' of 'Handle' objects>
    └ <Handle <TaskStepMethWrapper object at 0x0000023273820EB0>()>
  File "C:\Users\shreya163487\AppData\Local\Programs\Python\Python311\Lib\site-packages\starlette\middleware\base.py", line 149, in coro
    await self.app(scope, receive_or_disconnect, send_no_error)
          │    │   │      │                      └ <function BaseHTTPMiddleware.__call__.<locals>.call_next.<locals>.send_no_error at 0x00000232737E7600>
          │    │   │      └ <function BaseHTTPMiddleware.__call__.<locals>.call_next.<locals>.receive_or_disconnect at 0x00000232737E74C0>
          │    │   └ {'type': 'http', 'http_version': '1.1', 'method': 'GET', 'path': '/api/calls/voice/twiml', 'raw_path': b'/api/calls/voice/twi...
          │    └ <starlette.middleware.cors.CORSMiddleware object at 0x0000023271FC90D0>
          └ <starlette.middleware.base.BaseHTTPMiddleware object at 0x0000023271FC1210>
  File "C:\Users\shreya163487\AppData\Local\Programs\Python\Python311\Lib\site-packages\starlette\middleware\cors.py", line 85, in __call__
    await self.app(scope, receive, send)
          │    │   │      │        └ <function BaseHTTPMiddleware.__call__.<locals>.call_next.<locals>.send_no_error at 0x00000232737E7600>
          │    │   │      └ <function BaseHTTPMiddleware.__call__.<locals>.call_next.<locals>.receive_or_disconnect at 0x00000232737E74C0>
          │    │   └ {'type': 'http', 'http_version': '1.1', 'method': 'GET', 'path': '/api/calls/voice/twiml', 'raw_path': b'/api/calls/voice/twi...
          │    └ <starlette.middleware.exceptions.ExceptionMiddleware object at 0x000002327244C490>
          └ <starlette.middleware.cors.CORSMiddleware object at 0x0000023271FC90D0>
  File "C:\Users\shreya163487\AppData\Local\Programs\Python\Python311\Lib\site-packages\starlette\middleware\exceptions.py", line 62, in __call__
    await wrap_app_handling_exceptions(self.app, conn)(scope, receive, send)
          │                            │    │    │     │      │        └ <function BaseHTTPMiddleware.__call__.<locals>.call_next.<locals>.send_no_error at 0x00000232737E7600>
          │                            │    │    │     │      └ <function BaseHTTPMiddleware.__call__.<locals>.call_next.<locals>.receive_or_disconnect at 0x00000232737E74C0>
          │                            │    │    │     └ {'type': 'http', 'http_version': '1.1', 'method': 'GET', 'path': '/api/calls/voice/twiml', 'raw_path': b'/api/calls/voice/twi...
          │                            │    │    └ <starlette.requests.Request object at 0x00000232736ED1D0>
          │                            │    └ <fastapi.routing.APIRouter object at 0x0000023271FBC3D0>
          │                            └ <starlette.middleware.exceptions.ExceptionMiddleware object at 0x000002327244C490>
          └ <function wrap_app_handling_exceptions at 0x000002325DB34F40>
  File "C:\Users\shreya163487\AppData\Local\Programs\Python\Python311\Lib\site-packages\starlette\_exception_handler.py", line 51, in wrapped_app
    await app(scope, receive, sender)
          │   │      │        └ <function wrap_app_handling_exceptions.<locals>.wrapped_app.<locals>.sender at 0x00000232737E79C0>
          │   │      └ <function BaseHTTPMiddleware.__call__.<locals>.call_next.<locals>.receive_or_disconnect at 0x00000232737E74C0>
          │   └ {'type': 'http', 'http_version': '1.1', 'method': 'GET', 'path': '/api/calls/voice/twiml', 'raw_path': b'/api/calls/voice/twi...
          └ <fastapi.routing.APIRouter object at 0x0000023271FBC3D0>
  File "C:\Users\shreya163487\AppData\Local\Programs\Python\Python311\Lib\site-packages\starlette\routing.py", line 715, in __call__
    await self.middleware_stack(scope, receive, send)
          │    │                │      │        └ <function wrap_app_handling_exceptions.<locals>.wrapped_app.<locals>.sender at 0x00000232737E79C0>
          │    │                │      └ <function BaseHTTPMiddleware.__call__.<locals>.call_next.<locals>.receive_or_disconnect at 0x00000232737E74C0>
          │    │                └ {'type': 'http', 'http_version': '1.1', 'method': 'GET', 'path': '/api/calls/voice/twiml', 'raw_path': b'/api/calls/voice/twi...
          │    └ <bound method Router.app of <fastapi.routing.APIRouter object at 0x0000023271FBC3D0>>
          └ <fastapi.routing.APIRouter object at 0x0000023271FBC3D0>
  File "C:\Users\shreya163487\AppData\Local\Programs\Python\Python311\Lib\site-packages\starlette\routing.py", line 735, in app
    await route.handle(scope, receive, send)
          │     │      │      │        └ <function wrap_app_handling_exceptions.<locals>.wrapped_app.<locals>.sender at 0x00000232737E79C0>
          │     │      │      └ <function BaseHTTPMiddleware.__call__.<locals>.call_next.<locals>.receive_or_disconnect at 0x00000232737E74C0>
          │     │      └ {'type': 'http', 'http_version': '1.1', 'method': 'GET', 'path': '/api/calls/voice/twiml', 'raw_path': b'/api/calls/voice/twi...
          │     └ <function Route.handle at 0x000002325DB36660>
          └ APIRoute(path='/api/calls/voice/twiml', name='voice_twiml', methods=['GET'])
  File "C:\Users\shreya163487\AppData\Local\Programs\Python\Python311\Lib\site-packages\starlette\routing.py", line 288, in handle
    await self.app(scope, receive, send)
          │    │   │      │        └ <function wrap_app_handling_exceptions.<locals>.wrapped_app.<locals>.sender at 0x00000232737E79C0>
          │    │   │      └ <function BaseHTTPMiddleware.__call__.<locals>.call_next.<locals>.receive_or_disconnect at 0x00000232737E74C0>
          │    │   └ {'type': 'http', 'http_version': '1.1', 'method': 'GET', 'path': '/api/calls/voice/twiml', 'raw_path': b'/api/calls/voice/twi...
          │    └ <function request_response.<locals>.app at 0x00000232723D7CE0>
          └ APIRoute(path='/api/calls/voice/twiml', name='voice_twiml', methods=['GET'])
  File "C:\Users\shreya163487\AppData\Local\Programs\Python\Python311\Lib\site-packages\starlette\routing.py", line 76, in app
    await wrap_app_handling_exceptions(app, request)(scope, receive, send)
          │                            │    │        │      │        └ <function wrap_app_handling_exceptions.<locals>.wrapped_app.<locals>.sender at 0x00000232737E79C0>
          │                            │    │        │      └ <function BaseHTTPMiddleware.__call__.<locals>.call_next.<locals>.receive_or_disconnect at 0x00000232737E74C0>
          │                            │    │        └ {'type': 'http', 'http_version': '1.1', 'method': 'GET', 'path': '/api/calls/voice/twiml', 'raw_path': b'/api/calls/voice/twi...
          │                            │    └ <starlette.requests.Request object at 0x00000232736ECED0>
          │                            └ <function request_response.<locals>.app.<locals>.app at 0x00000232737E7A60>
          └ <function wrap_app_handling_exceptions at 0x000002325DB34F40>
  File "C:\Users\shreya163487\AppData\Local\Programs\Python\Python311\Lib\site-packages\starlette\_exception_handler.py", line 51, in wrapped_app
    await app(scope, receive, sender)
          │   │      │        └ <function wrap_app_handling_exceptions.<locals>.wrapped_app.<locals>.sender at 0x00000232737E7BA0>
          │   │      └ <function BaseHTTPMiddleware.__call__.<locals>.call_next.<locals>.receive_or_disconnect at 0x00000232737E74C0>
          │   └ {'type': 'http', 'http_version': '1.1', 'method': 'GET', 'path': '/api/calls/voice/twiml', 'raw_path': b'/api/calls/voice/twi...
          └ <function request_response.<locals>.app.<locals>.app at 0x00000232737E7A60>
  File "C:\Users\shreya163487\AppData\Local\Programs\Python\Python311\Lib\site-packages\starlette\routing.py", line 73, in app
    response = await f(request)
                     │ └ <starlette.requests.Request object at 0x00000232736ECED0>
                     └ <function get_request_handler.<locals>.app at 0x00000232723D7C40>
  File "C:\Users\shreya163487\AppData\Local\Programs\Python\Python311\Lib\site-packages\fastapi\routing.py", line 301, in app
    raw_response = await run_endpoint_function(
                         └ <function run_endpoint_function at 0x000002325DB36160>
  File "C:\Users\shreya163487\AppData\Local\Programs\Python\Python311\Lib\site-packages\fastapi\routing.py", line 212, in run_endpoint_function
    return await dependant.call(**values)
                 │         │      └ {'name': 'Ava', 'position': 'SE', 'session_code': None, 'prefetched_audio_key': None, 'prefetched_text': None, 'request': <st...
                 │         └ <function voice_twiml at 0x0000023260D322A0>
                 └ Dependant(path_params=[], query_params=[ModelField(field_info=Query(there), name='name', mode='validation'), ModelField(field...

> File "D:\Smarthire2.0\SmartHire\backend\app\routes\calls.py", line 1348, in voice_twiml
    hr_text = await generate_hr_line(
                    └ <function test_twiml_endpoint_speaks_demo_phrase.<locals>.fake_line at 0x00000232737E62A0>

TypeError: test_twiml_endpoint_speaks_demo_phrase.<locals>.fake_line() got an unexpected keyword argument 'session_code'
2026-05-03 15:50:42.124 | INFO     | app.logger:logging_middleware:84 - Response: GET /api/calls/voice/twiml -> 200
2026-05-03 15:50:42.181 | INFO     | app.logger:logging_middleware:69 - Request: GET /api/calls/voice/audio
2026-05-03 15:50:42.181 | WARNING  | app.routes.calls:voice_audio:1545 - Cartesia TTS failed for audio endpoint: CARTESIA_API_KEY not configured in .env
2026-05-03 15:50:42.183 | INFO     | app.logger:logging_middleware:84 - Response: GET /api/calls/voice/audio -> 502
2026-05-03 15:50:42.229 | INFO     | app.logger:logging_middleware:69 - Request: POST /api/calls/voice/continue
2026-05-03 15:50:42.231 | ERROR    | app.routes.calls:voice_continue:1516 - voice_continue failed
Traceback (most recent call last):

  File "C:\Users\shreya163487\AppData\Local\Programs\Python\Python311\Lib\threading.py", line 995, in _bootstrap
    self._bootstrap_inner()
    │    └ <function Thread._bootstrap_inner at 0x000002325A0CDC60>
    └ <Thread(asyncio-portal-232724b7310, started daemon 24848)>
  File "C:\Users\shreya163487\AppData\Local\Programs\Python\Python311\Lib\threading.py", line 1038, in _bootstrap_inner
    self.run()
    │    └ <function Thread.run at 0x000002325A0CD940>
    └ <Thread(asyncio-portal-232724b7310, started daemon 24848)>
  File "C:\Users\shreya163487\AppData\Local\Programs\Python\Python311\Lib\threading.py", line 975, in run
    self._target(*self._args, **self._kwargs)
    │    │        │    │        │    └ {}
    │    │        │    │        └ <Thread(asyncio-portal-232724b7310, started daemon 24848)>
    │    │        │    └ ()
    │    │        └ <Thread(asyncio-portal-232724b7310, started daemon 24848)>
    │    └ <function start_blocking_portal.<locals>.run_blocking_portal at 0x00000232737E6CA0>
    └ <Thread(asyncio-portal-232724b7310, started daemon 24848)>
  File "C:\Users\shreya163487\AppData\Local\Programs\Python\Python311\Lib\site-packages\anyio\from_thread.py", line 524, in run_blocking_portal
    run_eventloop(
    └ <function run at 0x000002325C1619E0>
  File "C:\Users\shreya163487\AppData\Local\Programs\Python\Python311\Lib\site-packages\anyio\_core\_eventloop.py", line 75, in run
    return async_backend.run(func, args, {}, backend_options)
           │             │   │     │         └ {}
           │             │   │     └ ()
           │             │   └ <function start_blocking_portal.<locals>.run_portal at 0x00000232737E6C00>
           │             └ <classmethod(<function AsyncIOBackend.run at 0x000002325C3ED260>)>
           └ <class 'anyio._backends._asyncio.AsyncIOBackend'>
  File "C:\Users\shreya163487\AppData\Local\Programs\Python\Python311\Lib\site-packages\anyio\_backends\_asyncio.py", line 2365, in run
    return runner.run(wrapper())
           │      │   └ <function start_blocking_portal.<locals>.run_portal at 0x00000232737E6D40>
           │      └ <function Runner.run at 0x000002325C312FC0>
           └ <asyncio.runners.Runner object at 0x00000232724C44D0>
  File "C:\Users\shreya163487\AppData\Local\Programs\Python\Python311\Lib\asyncio\runners.py", line 118, in run
    return self._loop.run_until_complete(task)
           │    │     │                  └ <Task pending name='anyio.from_thread.start_blocking_portal.<locals>.run_portal' coro=<start_blocking_portal.<locals>.run_por...
           │    │     └ <function BaseEventLoop.run_until_complete at 0x000002325C310B80>
           │    └ <ProactorEventLoop running=True closed=False debug=False>
           └ <asyncio.runners.Runner object at 0x00000232724C44D0>
  File "C:\Users\shreya163487\AppData\Local\Programs\Python\Python311\Lib\asyncio\base_events.py", line 640, in run_until_complete
    self.run_forever()
    │    └ <function ProactorEventLoop.run_forever at 0x000002325C385E40>
    └ <ProactorEventLoop running=True closed=False debug=False>
  File "C:\Users\shreya163487\AppData\Local\Programs\Python\Python311\Lib\asyncio\windows_events.py", line 321, in run_forever
    super().run_forever()
  File "C:\Users\shreya163487\AppData\Local\Programs\Python\Python311\Lib\asyncio\base_events.py", line 607, in run_forever
    self._run_once()
    │    └ <function BaseEventLoop._run_once at 0x000002325C3128E0>
    └ <ProactorEventLoop running=True closed=False debug=False>
  File "C:\Users\shreya163487\AppData\Local\Programs\Python\Python311\Lib\asyncio\base_events.py", line 1922, in _run_once
    handle._run()
    │      └ <function Handle._run at 0x000002325C267060>
    └ <Handle Task.task_wakeup(<Future cancelled>)>
  File "C:\Users\shreya163487\AppData\Local\Programs\Python\Python311\Lib\asyncio\events.py", line 80, in _run
    self._context.run(self._callback, *self._args)
    │    │            │    │           │    └ <member '_args' of 'Handle' objects>
    │    │            │    │           └ <Handle Task.task_wakeup(<Future cancelled>)>
    │    │            │    └ <member '_callback' of 'Handle' objects>
    │    │            └ <Handle Task.task_wakeup(<Future cancelled>)>
    │    └ <member '_context' of 'Handle' objects>
    └ <Handle Task.task_wakeup(<Future cancelled>)>
  File "C:\Users\shreya163487\AppData\Local\Programs\Python\Python311\Lib\site-packages\starlette\middleware\base.py", line 149, in coro
    await self.app(scope, receive_or_disconnect, send_no_error)
          │    │   │      │                      └ <function BaseHTTPMiddleware.__call__.<locals>.call_next.<locals>.send_no_error at 0x00000232737E72E0>
          │    │   │      └ <function BaseHTTPMiddleware.__call__.<locals>.call_next.<locals>.receive_or_disconnect at 0x00000232737E7100>
          │    │   └ {'type': 'http', 'http_version': '1.1', 'method': 'POST', 'path': '/api/calls/voice/continue', 'raw_path': b'/api/calls/voice...
          │    └ <starlette.middleware.cors.CORSMiddleware object at 0x0000023271FC90D0>
          └ <starlette.middleware.base.BaseHTTPMiddleware object at 0x0000023271FC1210>
  File "C:\Users\shreya163487\AppData\Local\Programs\Python\Python311\Lib\site-packages\starlette\middleware\cors.py", line 85, in __call__
    await self.app(scope, receive, send)
          │    │   │      │        └ <function BaseHTTPMiddleware.__call__.<locals>.call_next.<locals>.send_no_error at 0x00000232737E72E0>
          │    │   │      └ <function BaseHTTPMiddleware.__call__.<locals>.call_next.<locals>.receive_or_disconnect at 0x00000232737E7100>
          │    │   └ {'type': 'http', 'http_version': '1.1', 'method': 'POST', 'path': '/api/calls/voice/continue', 'raw_path': b'/api/calls/voice...
          │    └ <starlette.middleware.exceptions.ExceptionMiddleware object at 0x000002327244C490>
          └ <starlette.middleware.cors.CORSMiddleware object at 0x0000023271FC90D0>
  File "C:\Users\shreya163487\AppData\Local\Programs\Python\Python311\Lib\site-packages\starlette\middleware\exceptions.py", line 62, in __call__
    await wrap_app_handling_exceptions(self.app, conn)(scope, receive, send)
          │                            │    │    │     │      │        └ <function BaseHTTPMiddleware.__call__.<locals>.call_next.<locals>.send_no_error at 0x00000232737E72E0>
          │                            │    │    │     │      └ <function BaseHTTPMiddleware.__call__.<locals>.call_next.<locals>.receive_or_disconnect at 0x00000232737E7100>
          │                            │    │    │     └ {'type': 'http', 'http_version': '1.1', 'method': 'POST', 'path': '/api/calls/voice/continue', 'raw_path': b'/api/calls/voice...
          │                            │    │    └ <starlette.requests.Request object at 0x000002327259DC10>
          │                            │    └ <fastapi.routing.APIRouter object at 0x0000023271FBC3D0>
          │                            └ <starlette.middleware.exceptions.ExceptionMiddleware object at 0x000002327244C490>
          └ <function wrap_app_handling_exceptions at 0x000002325DB34F40>
  File "C:\Users\shreya163487\AppData\Local\Programs\Python\Python311\Lib\site-packages\starlette\_exception_handler.py", line 51, in wrapped_app
    await app(scope, receive, sender)
          │   │      │        └ <function wrap_app_handling_exceptions.<locals>.wrapped_app.<locals>.sender at 0x00000232737E7B00>
          │   │      └ <function BaseHTTPMiddleware.__call__.<locals>.call_next.<locals>.receive_or_disconnect at 0x00000232737E7100>
          │   └ {'type': 'http', 'http_version': '1.1', 'method': 'POST', 'path': '/api/calls/voice/continue', 'raw_path': b'/api/calls/voice...
          └ <fastapi.routing.APIRouter object at 0x0000023271FBC3D0>
  File "C:\Users\shreya163487\AppData\Local\Programs\Python\Python311\Lib\site-packages\starlette\routing.py", line 715, in __call__
    await self.middleware_stack(scope, receive, send)
          │    │                │      │        └ <function wrap_app_handling_exceptions.<locals>.wrapped_app.<locals>.sender at 0x00000232737E7B00>
          │    │                │      └ <function BaseHTTPMiddleware.__call__.<locals>.call_next.<locals>.receive_or_disconnect at 0x00000232737E7100>
          │    │                └ {'type': 'http', 'http_version': '1.1', 'method': 'POST', 'path': '/api/calls/voice/continue', 'raw_path': b'/api/calls/voice...
          │    └ <bound method Router.app of <fastapi.routing.APIRouter object at 0x0000023271FBC3D0>>
          └ <fastapi.routing.APIRouter object at 0x0000023271FBC3D0>
  File "C:\Users\shreya163487\AppData\Local\Programs\Python\Python311\Lib\site-packages\starlette\routing.py", line 735, in app
    await route.handle(scope, receive, send)
          │     │      │      │        └ <function wrap_app_handling_exceptions.<locals>.wrapped_app.<locals>.sender at 0x00000232737E7B00>
          │     │      │      └ <function BaseHTTPMiddleware.__call__.<locals>.call_next.<locals>.receive_or_disconnect at 0x00000232737E7100>
          │     │      └ {'type': 'http', 'http_version': '1.1', 'method': 'POST', 'path': '/api/calls/voice/continue', 'raw_path': b'/api/calls/voice...
          │     └ <function Route.handle at 0x000002325DB36660>
          └ APIRoute(path='/api/calls/voice/continue', name='voice_continue', methods=['POST'])
  File "C:\Users\shreya163487\AppData\Local\Programs\Python\Python311\Lib\site-packages\starlette\routing.py", line 288, in handle
    await self.app(scope, receive, send)
          │    │   │      │        └ <function wrap_app_handling_exceptions.<locals>.wrapped_app.<locals>.sender at 0x00000232737E7B00>
          │    │   │      └ <function BaseHTTPMiddleware.__call__.<locals>.call_next.<locals>.receive_or_disconnect at 0x00000232737E7100>
          │    │   └ {'type': 'http', 'http_version': '1.1', 'method': 'POST', 'path': '/api/calls/voice/continue', 'raw_path': b'/api/calls/voice...
          │    └ <function request_response.<locals>.app at 0x00000232723D7420>
          └ APIRoute(path='/api/calls/voice/continue', name='voice_continue', methods=['POST'])
  File "C:\Users\shreya163487\AppData\Local\Programs\Python\Python311\Lib\site-packages\starlette\routing.py", line 76, in app
    await wrap_app_handling_exceptions(app, request)(scope, receive, send)
          │                            │    │        │      │        └ <function wrap_app_handling_exceptions.<locals>.wrapped_app.<locals>.sender at 0x00000232737E7B00>
          │                            │    │        │      └ <function BaseHTTPMiddleware.__call__.<locals>.call_next.<locals>.receive_or_disconnect at 0x00000232737E7100>
          │                            │    │        └ {'type': 'http', 'http_version': '1.1', 'method': 'POST', 'path': '/api/calls/voice/continue', 'raw_path': b'/api/calls/voice...
          │                            │    └ <starlette.requests.Request object at 0x000002327259CE10>
          │                            └ <function request_response.<locals>.app.<locals>.app at 0x00000232737E7BA0>
          └ <function wrap_app_handling_exceptions at 0x000002325DB34F40>
  File "C:\Users\shreya163487\AppData\Local\Programs\Python\Python311\Lib\site-packages\starlette\_exception_handler.py", line 51, in wrapped_app
    await app(scope, receive, sender)
          │   │      │        └ <function wrap_app_handling_exceptions.<locals>.wrapped_app.<locals>.sender at 0x00000232737E7F60>
          │   │      └ <function BaseHTTPMiddleware.__call__.<locals>.call_next.<locals>.receive_or_disconnect at 0x00000232737E7100>
          │   └ {'type': 'http', 'http_version': '1.1', 'method': 'POST', 'path': '/api/calls/voice/continue', 'raw_path': b'/api/calls/voice...
          └ <function request_response.<locals>.app.<locals>.app at 0x00000232737E7BA0>
  File "C:\Users\shreya163487\AppData\Local\Programs\Python\Python311\Lib\site-packages\starlette\routing.py", line 73, in app
    response = await f(request)
                     │ └ <starlette.requests.Request object at 0x000002327259CE10>
                     └ <function get_request_handler.<locals>.app at 0x00000232723D72E0>
  File "C:\Users\shreya163487\AppData\Local\Programs\Python\Python311\Lib\site-packages\fastapi\routing.py", line 301, in app
    raw_response = await run_endpoint_function(
                         └ <function run_endpoint_function at 0x000002325DB36160>
  File "C:\Users\shreya163487\AppData\Local\Programs\Python\Python311\Lib\site-packages\fastapi\routing.py", line 212, in run_endpoint_function
    return await dependant.call(**values)
                 │         │      └ {'hr_turn': 6, 'name': 'Ava', 'position': 'SE', 'session_code': None, 'request': <starlette.requests.Request object at 0x0000...
                 │         └ <function voice_continue at 0x0000023260D337E0>
                 └ Dependant(path_params=[], query_params=[ModelField(field_info=Query(2), name='hr_turn', mode='validation'), ModelField(field_...

> File "D:\Smarthire2.0\SmartHire\backend\app\routes\calls.py", line 1436, in voice_continue
    hr_text = await generate_hr_line(
                    └ <function test_continue_endpoint_hangs_up_on_final_turn.<locals>.fake_line at 0x00000232724FBD80>

TypeError: test_continue_endpoint_hangs_up_on_final_turn.<locals>.fake_line() got an unexpected keyword argument 'session_code'
2026-05-03 15:50:42.242 | INFO     | app.logger:logging_middleware:84 - Response: POST /api/calls/voice/continue -> 200
2026-05-03 15:50:42.288 | INFO     | app.logger:logging_middleware:69 - Request: GET /api/calls/voice/twiml
2026-05-03 15:50:42.290 | ERROR    | app.routes.calls:voice_twiml:1412 - voice_twiml failed
Traceback (most recent call last):

  File "C:\Users\shreya163487\AppData\Local\Programs\Python\Python311\Lib\threading.py", line 995, in _bootstrap
    self._bootstrap_inner()
    │    └ <function Thread._bootstrap_inner at 0x000002325A0CDC60>
    └ <Thread(asyncio-portal-2327385d290, started daemon 25064)>
  File "C:\Users\shreya163487\AppData\Local\Programs\Python\Python311\Lib\threading.py", line 1038, in _bootstrap_inner
    self.run()
    │    └ <function Thread.run at 0x000002325A0CD940>
    └ <Thread(asyncio-portal-2327385d290, started daemon 25064)>
  File "C:\Users\shreya163487\AppData\Local\Programs\Python\Python311\Lib\threading.py", line 975, in run
    self._target(*self._args, **self._kwargs)
    │    │        │    │        │    └ {}
    │    │        │    │        └ <Thread(asyncio-portal-2327385d290, started daemon 25064)>
    │    │        │    └ ()
    │    │        └ <Thread(asyncio-portal-2327385d290, started daemon 25064)>
    │    └ <function start_blocking_portal.<locals>.run_blocking_portal at 0x00000232737E71A0>
    └ <Thread(asyncio-portal-2327385d290, started daemon 25064)>
  File "C:\Users\shreya163487\AppData\Local\Programs\Python\Python311\Lib\site-packages\anyio\from_thread.py", line 524, in run_blocking_portal
    run_eventloop(
    └ <function run at 0x000002325C1619E0>
  File "C:\Users\shreya163487\AppData\Local\Programs\Python\Python311\Lib\site-packages\anyio\_core\_eventloop.py", line 75, in run
    return async_backend.run(func, args, {}, backend_options)
           │             │   │     │         └ {}
           │             │   │     └ ()
           │             │   └ <function start_blocking_portal.<locals>.run_portal at 0x00000232737E7420>
           │             └ <classmethod(<function AsyncIOBackend.run at 0x000002325C3ED260>)>
           └ <class 'anyio._backends._asyncio.AsyncIOBackend'>
  File "C:\Users\shreya163487\AppData\Local\Programs\Python\Python311\Lib\site-packages\anyio\_backends\_asyncio.py", line 2365, in run
    return runner.run(wrapper())
           │      │   └ <function start_blocking_portal.<locals>.run_portal at 0x0000023272584860>
           │      └ <function Runner.run at 0x000002325C312FC0>
           └ <asyncio.runners.Runner object at 0x000002327385CB50>
  File "C:\Users\shreya163487\AppData\Local\Programs\Python\Python311\Lib\asyncio\runners.py", line 118, in run
    return self._loop.run_until_complete(task)
           │    │     │                  └ <Task pending name='anyio.from_thread.start_blocking_portal.<locals>.run_portal' coro=<start_blocking_portal.<locals>.run_por...
           │    │     └ <function BaseEventLoop.run_until_complete at 0x000002325C310B80>
           │    └ <ProactorEventLoop running=True closed=False debug=False>
           └ <asyncio.runners.Runner object at 0x000002327385CB50>
  File "C:\Users\shreya163487\AppData\Local\Programs\Python\Python311\Lib\asyncio\base_events.py", line 640, in run_until_complete
    self.run_forever()
    │    └ <function ProactorEventLoop.run_forever at 0x000002325C385E40>
    └ <ProactorEventLoop running=True closed=False debug=False>
  File "C:\Users\shreya163487\AppData\Local\Programs\Python\Python311\Lib\asyncio\windows_events.py", line 321, in run_forever
    super().run_forever()
  File "C:\Users\shreya163487\AppData\Local\Programs\Python\Python311\Lib\asyncio\base_events.py", line 607, in run_forever
    self._run_once()
    │    └ <function BaseEventLoop._run_once at 0x000002325C3128E0>
    └ <ProactorEventLoop running=True closed=False debug=False>
  File "C:\Users\shreya163487\AppData\Local\Programs\Python\Python311\Lib\asyncio\base_events.py", line 1922, in _run_once
    handle._run()
    │      └ <function Handle._run at 0x000002325C267060>
    └ <Handle <TaskStepMethWrapper object at 0x00000232738552D0>()>
  File "C:\Users\shreya163487\AppData\Local\Programs\Python\Python311\Lib\asyncio\events.py", line 80, in _run
    self._context.run(self._callback, *self._args)
    │    │            │    │           │    └ <member '_args' of 'Handle' objects>
    │    │            │    │           └ <Handle <TaskStepMethWrapper object at 0x00000232738552D0>()>
    │    │            │    └ <member '_callback' of 'Handle' objects>
    │    │            └ <Handle <TaskStepMethWrapper object at 0x00000232738552D0>()>
    │    └ <member '_context' of 'Handle' objects>
    └ <Handle <TaskStepMethWrapper object at 0x00000232738552D0>()>
  File "C:\Users\shreya163487\AppData\Local\Programs\Python\Python311\Lib\site-packages\starlette\middleware\base.py", line 149, in coro
    await self.app(scope, receive_or_disconnect, send_no_error)
          │    │   │      │                      └ <function BaseHTTPMiddleware.__call__.<locals>.call_next.<locals>.send_no_error at 0x00000232737E6FC0>
          │    │   │      └ <function BaseHTTPMiddleware.__call__.<locals>.call_next.<locals>.receive_or_disconnect at 0x00000232737E7100>
          │    │   └ {'type': 'http', 'http_version': '1.1', 'method': 'GET', 'path': '/api/calls/voice/twiml', 'raw_path': b'/api/calls/voice/twi...
          │    └ <starlette.middleware.cors.CORSMiddleware object at 0x0000023271FC90D0>
          └ <starlette.middleware.base.BaseHTTPMiddleware object at 0x0000023271FC1210>
  File "C:\Users\shreya163487\AppData\Local\Programs\Python\Python311\Lib\site-packages\starlette\middleware\cors.py", line 85, in __call__
    await self.app(scope, receive, send)
          │    │   │      │        └ <function BaseHTTPMiddleware.__call__.<locals>.call_next.<locals>.send_no_error at 0x00000232737E6FC0>
          │    │   │      └ <function BaseHTTPMiddleware.__call__.<locals>.call_next.<locals>.receive_or_disconnect at 0x00000232737E7100>
          │    │   └ {'type': 'http', 'http_version': '1.1', 'method': 'GET', 'path': '/api/calls/voice/twiml', 'raw_path': b'/api/calls/voice/twi...
          │    └ <starlette.middleware.exceptions.ExceptionMiddleware object at 0x000002327244C490>
          └ <starlette.middleware.cors.CORSMiddleware object at 0x0000023271FC90D0>
  File "C:\Users\shreya163487\AppData\Local\Programs\Python\Python311\Lib\site-packages\starlette\middleware\exceptions.py", line 62, in __call__
    await wrap_app_handling_exceptions(self.app, conn)(scope, receive, send)
          │                            │    │    │     │      │        └ <function BaseHTTPMiddleware.__call__.<locals>.call_next.<locals>.send_no_error at 0x00000232737E6FC0>
          │                            │    │    │     │      └ <function BaseHTTPMiddleware.__call__.<locals>.call_next.<locals>.receive_or_disconnect at 0x00000232737E7100>
          │                            │    │    │     └ {'type': 'http', 'http_version': '1.1', 'method': 'GET', 'path': '/api/calls/voice/twiml', 'raw_path': b'/api/calls/voice/twi...
          │                            │    │    └ <starlette.requests.Request object at 0x000002327385E190>
          │                            │    └ <fastapi.routing.APIRouter object at 0x0000023271FBC3D0>
          │                            └ <starlette.middleware.exceptions.ExceptionMiddleware object at 0x000002327244C490>
          └ <function wrap_app_handling_exceptions at 0x000002325DB34F40>
  File "C:\Users\shreya163487\AppData\Local\Programs\Python\Python311\Lib\site-packages\starlette\_exception_handler.py", line 51, in wrapped_app
    await app(scope, receive, sender)
          │   │      │        └ <function wrap_app_handling_exceptions.<locals>.wrapped_app.<locals>.sender at 0x0000023273840220>
          │   │      └ <function BaseHTTPMiddleware.__call__.<locals>.call_next.<locals>.receive_or_disconnect at 0x00000232737E7100>
          │   └ {'type': 'http', 'http_version': '1.1', 'method': 'GET', 'path': '/api/calls/voice/twiml', 'raw_path': b'/api/calls/voice/twi...
          └ <fastapi.routing.APIRouter object at 0x0000023271FBC3D0>
  File "C:\Users\shreya163487\AppData\Local\Programs\Python\Python311\Lib\site-packages\starlette\routing.py", line 715, in __call__
    await self.middleware_stack(scope, receive, send)
          │    │                │      │        └ <function wrap_app_handling_exceptions.<locals>.wrapped_app.<locals>.sender at 0x0000023273840220>
          │    │                │      └ <function BaseHTTPMiddleware.__call__.<locals>.call_next.<locals>.receive_or_disconnect at 0x00000232737E7100>
          │    │                └ {'type': 'http', 'http_version': '1.1', 'method': 'GET', 'path': '/api/calls/voice/twiml', 'raw_path': b'/api/calls/voice/twi...
          │    └ <bound method Router.app of <fastapi.routing.APIRouter object at 0x0000023271FBC3D0>>
          └ <fastapi.routing.APIRouter object at 0x0000023271FBC3D0>
  File "C:\Users\shreya163487\AppData\Local\Programs\Python\Python311\Lib\site-packages\starlette\routing.py", line 735, in app
    await route.handle(scope, receive, send)
          │     │      │      │        └ <function wrap_app_handling_exceptions.<locals>.wrapped_app.<locals>.sender at 0x0000023273840220>
          │     │      │      └ <function BaseHTTPMiddleware.__call__.<locals>.call_next.<locals>.receive_or_disconnect at 0x00000232737E7100>
          │     │      └ {'type': 'http', 'http_version': '1.1', 'method': 'GET', 'path': '/api/calls/voice/twiml', 'raw_path': b'/api/calls/voice/twi...
          │     └ <function Route.handle at 0x000002325DB36660>
          └ APIRoute(path='/api/calls/voice/twiml', name='voice_twiml', methods=['GET'])
  File "C:\Users\shreya163487\AppData\Local\Programs\Python\Python311\Lib\site-packages\starlette\routing.py", line 288, in handle
    await self.app(scope, receive, send)
          │    │   │      │        └ <function wrap_app_handling_exceptions.<locals>.wrapped_app.<locals>.sender at 0x0000023273840220>
          │    │   │      └ <function BaseHTTPMiddleware.__call__.<locals>.call_next.<locals>.receive_or_disconnect at 0x00000232737E7100>
          │    │   └ {'type': 'http', 'http_version': '1.1', 'method': 'GET', 'path': '/api/calls/voice/twiml', 'raw_path': b'/api/calls/voice/twi...
          │    └ <function request_response.<locals>.app at 0x00000232723D7CE0>
          └ APIRoute(path='/api/calls/voice/twiml', name='voice_twiml', methods=['GET'])
  File "C:\Users\shreya163487\AppData\Local\Programs\Python\Python311\Lib\site-packages\starlette\routing.py", line 76, in app
    await wrap_app_handling_exceptions(app, request)(scope, receive, send)
          │                            │    │        │      │        └ <function wrap_app_handling_exceptions.<locals>.wrapped_app.<locals>.sender at 0x0000023273840220>
          │                            │    │        │      └ <function BaseHTTPMiddleware.__call__.<locals>.call_next.<locals>.receive_or_disconnect at 0x00000232737E7100>
          │                            │    │        └ {'type': 'http', 'http_version': '1.1', 'method': 'GET', 'path': '/api/calls/voice/twiml', 'raw_path': b'/api/calls/voice/twi...
          │                            │    └ <starlette.requests.Request object at 0x000002327385DF10>
          │                            └ <function request_response.<locals>.app.<locals>.app at 0x0000023273840400>
          └ <function wrap_app_handling_exceptions at 0x000002325DB34F40>
  File "C:\Users\shreya163487\AppData\Local\Programs\Python\Python311\Lib\site-packages\starlette\_exception_handler.py", line 51, in wrapped_app
    await app(scope, receive, sender)
          │   │      │        └ <function wrap_app_handling_exceptions.<locals>.wrapped_app.<locals>.sender at 0x00000232738404A0>
          │   │      └ <function BaseHTTPMiddleware.__call__.<locals>.call_next.<locals>.receive_or_disconnect at 0x00000232737E7100>
          │   └ {'type': 'http', 'http_version': '1.1', 'method': 'GET', 'path': '/api/calls/voice/twiml', 'raw_path': b'/api/calls/voice/twi...
          └ <function request_response.<locals>.app.<locals>.app at 0x0000023273840400>
  File "C:\Users\shreya163487\AppData\Local\Programs\Python\Python311\Lib\site-packages\starlette\routing.py", line 73, in app
    response = await f(request)
                     │ └ <starlette.requests.Request object at 0x000002327385DF10>
                     └ <function get_request_handler.<locals>.app at 0x00000232723D7C40>
  File "C:\Users\shreya163487\AppData\Local\Programs\Python\Python311\Lib\site-packages\fastapi\routing.py", line 301, in app
    raw_response = await run_endpoint_function(
                         └ <function run_endpoint_function at 0x000002325DB36160>
  File "C:\Users\shreya163487\AppData\Local\Programs\Python\Python311\Lib\site-packages\fastapi\routing.py", line 212, in run_endpoint_function
    return await dependant.call(**values)
                 │         │      └ {'name': 'Ava', 'position': 'SE', 'session_code': None, 'prefetched_audio_key': None, 'prefetched_text': None, 'request': <st...
                 │         └ <function voice_twiml at 0x0000023260D322A0>
                 └ Dependant(path_params=[], query_params=[ModelField(field_info=Query(there), name='name', mode='validation'), ModelField(field...

> File "D:\Smarthire2.0\SmartHire\backend\app\routes\calls.py", line 1348, in voice_twiml
    hr_text = await generate_hr_line(
                    └ <function test_twiml_endpoint_hangs_up_when_elevenlabs_audio_unavailable.<locals>.fake_line at 0x00000232724FB420>

TypeError: test_twiml_endpoint_hangs_up_when_elevenlabs_audio_unavailable.<locals>.fake_line() got an unexpected keyword argument 'session_code'
2026-05-03 15:50:42.302 | INFO     | app.logger:logging_middleware:84 - Response: GET /api/calls/voice/twiml -> 200
2026-05-03 15:50:42.315 | INFO     | app.logger:logging_middleware:69 - Request: POST /api/calls/voice/continue
2026-05-03 15:50:42.318 | ERROR    | app.routes.calls:voice_continue:1516 - voice_continue failed
Traceback (most recent call last):

  File "C:\Users\shreya163487\AppData\Local\Programs\Python\Python311\Lib\threading.py", line 995, in _bootstrap
    self._bootstrap_inner()
    │    └ <function Thread._bootstrap_inner at 0x000002325A0CDC60>
    └ <Thread(asyncio-portal-2327385ec90, started daemon 6176)>
  File "C:\Users\shreya163487\AppData\Local\Programs\Python\Python311\Lib\threading.py", line 1038, in _bootstrap_inner
    self.run()
    │    └ <function Thread.run at 0x000002325A0CD940>
    └ <Thread(asyncio-portal-2327385ec90, started daemon 6176)>
  File "C:\Users\shreya163487\AppData\Local\Programs\Python\Python311\Lib\threading.py", line 975, in run
    self._target(*self._args, **self._kwargs)
    │    │        │    │        │    └ {}
    │    │        │    │        └ <Thread(asyncio-portal-2327385ec90, started daemon 6176)>
    │    │        │    └ ()
    │    │        └ <Thread(asyncio-portal-2327385ec90, started daemon 6176)>
    │    └ <function start_blocking_portal.<locals>.run_blocking_portal at 0x00000232737E6DE0>
    └ <Thread(asyncio-portal-2327385ec90, started daemon 6176)>
  File "C:\Users\shreya163487\AppData\Local\Programs\Python\Python311\Lib\site-packages\anyio\from_thread.py", line 524, in run_blocking_portal
    run_eventloop(
    └ <function run at 0x000002325C1619E0>
  File "C:\Users\shreya163487\AppData\Local\Programs\Python\Python311\Lib\site-packages\anyio\_core\_eventloop.py", line 75, in run
    return async_backend.run(func, args, {}, backend_options)
           │             │   │     │         └ {}
           │             │   │     └ ()
           │             │   └ <function start_blocking_portal.<locals>.run_portal at 0x00000232737E7880>
           │             └ <classmethod(<function AsyncIOBackend.run at 0x000002325C3ED260>)>
           └ <class 'anyio._backends._asyncio.AsyncIOBackend'>
  File "C:\Users\shreya163487\AppData\Local\Programs\Python\Python311\Lib\site-packages\anyio\_backends\_asyncio.py", line 2365, in run
    return runner.run(wrapper())
           │      │   └ <function start_blocking_portal.<locals>.run_portal at 0x00000232737E7060>
           │      └ <function Runner.run at 0x000002325C312FC0>
           └ <asyncio.runners.Runner object at 0x000002327385D990>
  File "C:\Users\shreya163487\AppData\Local\Programs\Python\Python311\Lib\asyncio\runners.py", line 118, in run
    return self._loop.run_until_complete(task)
           │    │     │                  └ <Task pending name='anyio.from_thread.start_blocking_portal.<locals>.run_portal' coro=<start_blocking_portal.<locals>.run_por...
           │    │     └ <function BaseEventLoop.run_until_complete at 0x000002325C310B80>
           │    └ <ProactorEventLoop running=True closed=False debug=False>
           └ <asyncio.runners.Runner object at 0x000002327385D990>
  File "C:\Users\shreya163487\AppData\Local\Programs\Python\Python311\Lib\asyncio\base_events.py", line 640, in run_until_complete
    self.run_forever()
    │    └ <function ProactorEventLoop.run_forever at 0x000002325C385E40>
    └ <ProactorEventLoop running=True closed=False debug=False>
  File "C:\Users\shreya163487\AppData\Local\Programs\Python\Python311\Lib\asyncio\windows_events.py", line 321, in run_forever
    super().run_forever()
  File "C:\Users\shreya163487\AppData\Local\Programs\Python\Python311\Lib\asyncio\base_events.py", line 607, in run_forever
    self._run_once()
    │    └ <function BaseEventLoop._run_once at 0x000002325C3128E0>
    └ <ProactorEventLoop running=True closed=False debug=False>
  File "C:\Users\shreya163487\AppData\Local\Programs\Python\Python311\Lib\asyncio\base_events.py", line 1922, in _run_once
    handle._run()
    │      └ <function Handle._run at 0x000002325C267060>
    └ <Handle Task.task_wakeup(<Future cancelled>)>
  File "C:\Users\shreya163487\AppData\Local\Programs\Python\Python311\Lib\asyncio\events.py", line 80, in _run
    self._context.run(self._callback, *self._args)
    │    │            │    │           │    └ <member '_args' of 'Handle' objects>
    │    │            │    │           └ <Handle Task.task_wakeup(<Future cancelled>)>
    │    │            │    └ <member '_callback' of 'Handle' objects>
    │    │            └ <Handle Task.task_wakeup(<Future cancelled>)>
    │    └ <member '_context' of 'Handle' objects>
    └ <Handle Task.task_wakeup(<Future cancelled>)>
  File "C:\Users\shreya163487\AppData\Local\Programs\Python\Python311\Lib\site-packages\starlette\middleware\base.py", line 149, in coro
    await self.app(scope, receive_or_disconnect, send_no_error)
          │    │   │      │                      └ <function BaseHTTPMiddleware.__call__.<locals>.call_next.<locals>.send_no_error at 0x00000232737E7560>
          │    │   │      └ <function BaseHTTPMiddleware.__call__.<locals>.call_next.<locals>.receive_or_disconnect at 0x00000232737E72E0>
          │    │   └ {'type': 'http', 'http_version': '1.1', 'method': 'POST', 'path': '/api/calls/voice/continue', 'raw_path': b'/api/calls/voice...
          │    └ <starlette.middleware.cors.CORSMiddleware object at 0x0000023271FC90D0>
          └ <starlette.middleware.base.BaseHTTPMiddleware object at 0x0000023271FC1210>
  File "C:\Users\shreya163487\AppData\Local\Programs\Python\Python311\Lib\site-packages\starlette\middleware\cors.py", line 85, in __call__
    await self.app(scope, receive, send)
          │    │   │      │        └ <function BaseHTTPMiddleware.__call__.<locals>.call_next.<locals>.send_no_error at 0x00000232737E7560>
          │    │   │      └ <function BaseHTTPMiddleware.__call__.<locals>.call_next.<locals>.receive_or_disconnect at 0x00000232737E72E0>
          │    │   └ {'type': 'http', 'http_version': '1.1', 'method': 'POST', 'path': '/api/calls/voice/continue', 'raw_path': b'/api/calls/voice...
          │    └ <starlette.middleware.exceptions.ExceptionMiddleware object at 0x000002327244C490>
          └ <starlette.middleware.cors.CORSMiddleware object at 0x0000023271FC90D0>
  File "C:\Users\shreya163487\AppData\Local\Programs\Python\Python311\Lib\site-packages\starlette\middleware\exceptions.py", line 62, in __call__
    await wrap_app_handling_exceptions(self.app, conn)(scope, receive, send)
          │                            │    │    │     │      │        └ <function BaseHTTPMiddleware.__call__.<locals>.call_next.<locals>.send_no_error at 0x00000232737E7560>
          │                            │    │    │     │      └ <function BaseHTTPMiddleware.__call__.<locals>.call_next.<locals>.receive_or_disconnect at 0x00000232737E72E0>
          │                            │    │    │     └ {'type': 'http', 'http_version': '1.1', 'method': 'POST', 'path': '/api/calls/voice/continue', 'raw_path': b'/api/calls/voice...
          │                            │    │    └ <starlette.requests.Request object at 0x00000232717B1250>
          │                            │    └ <fastapi.routing.APIRouter object at 0x0000023271FBC3D0>
          │                            └ <starlette.middleware.exceptions.ExceptionMiddleware object at 0x000002327244C490>
          └ <function wrap_app_handling_exceptions at 0x000002325DB34F40>
  File "C:\Users\shreya163487\AppData\Local\Programs\Python\Python311\Lib\site-packages\starlette\_exception_handler.py", line 51, in wrapped_app
    await app(scope, receive, sender)
          │   │      │        └ <function wrap_app_handling_exceptions.<locals>.wrapped_app.<locals>.sender at 0x00000232737E62A0>
          │   │      └ <function BaseHTTPMiddleware.__call__.<locals>.call_next.<locals>.receive_or_disconnect at 0x00000232737E72E0>
          │   └ {'type': 'http', 'http_version': '1.1', 'method': 'POST', 'path': '/api/calls/voice/continue', 'raw_path': b'/api/calls/voice...
          └ <fastapi.routing.APIRouter object at 0x0000023271FBC3D0>
  File "C:\Users\shreya163487\AppData\Local\Programs\Python\Python311\Lib\site-packages\starlette\routing.py", line 715, in __call__
    await self.middleware_stack(scope, receive, send)
          │    │                │      │        └ <function wrap_app_handling_exceptions.<locals>.wrapped_app.<locals>.sender at 0x00000232737E62A0>
          │    │                │      └ <function BaseHTTPMiddleware.__call__.<locals>.call_next.<locals>.receive_or_disconnect at 0x00000232737E72E0>
          │    │                └ {'type': 'http', 'http_version': '1.1', 'method': 'POST', 'path': '/api/calls/voice/continue', 'raw_path': b'/api/calls/voice...
          │    └ <bound method Router.app of <fastapi.routing.APIRouter object at 0x0000023271FBC3D0>>
          └ <fastapi.routing.APIRouter object at 0x0000023271FBC3D0>
  File "C:\Users\shreya163487\AppData\Local\Programs\Python\Python311\Lib\site-packages\starlette\routing.py", line 735, in app
    await route.handle(scope, receive, send)
          │     │      │      │        └ <function wrap_app_handling_exceptions.<locals>.wrapped_app.<locals>.sender at 0x00000232737E62A0>
          │     │      │      └ <function BaseHTTPMiddleware.__call__.<locals>.call_next.<locals>.receive_or_disconnect at 0x00000232737E72E0>
          │     │      └ {'type': 'http', 'http_version': '1.1', 'method': 'POST', 'path': '/api/calls/voice/continue', 'raw_path': b'/api/calls/voice...
          │     └ <function Route.handle at 0x000002325DB36660>
          └ APIRoute(path='/api/calls/voice/continue', name='voice_continue', methods=['POST'])
  File "C:\Users\shreya163487\AppData\Local\Programs\Python\Python311\Lib\site-packages\starlette\routing.py", line 288, in handle
    await self.app(scope, receive, send)
          │    │   │      │        └ <function wrap_app_handling_exceptions.<locals>.wrapped_app.<locals>.sender at 0x00000232737E62A0>
          │    │   │      └ <function BaseHTTPMiddleware.__call__.<locals>.call_next.<locals>.receive_or_disconnect at 0x00000232737E72E0>
          │    │   └ {'type': 'http', 'http_version': '1.1', 'method': 'POST', 'path': '/api/calls/voice/continue', 'raw_path': b'/api/calls/voice...
          │    └ <function request_response.<locals>.app at 0x00000232723D7420>
          └ APIRoute(path='/api/calls/voice/continue', name='voice_continue', methods=['POST'])
  File "C:\Users\shreya163487\AppData\Local\Programs\Python\Python311\Lib\site-packages\starlette\routing.py", line 76, in app
    await wrap_app_handling_exceptions(app, request)(scope, receive, send)
          │                            │    │        │      │        └ <function wrap_app_handling_exceptions.<locals>.wrapped_app.<locals>.sender at 0x00000232737E62A0>
          │                            │    │        │      └ <function BaseHTTPMiddleware.__call__.<locals>.call_next.<locals>.receive_or_disconnect at 0x00000232737E72E0>
          │                            │    │        └ {'type': 'http', 'http_version': '1.1', 'method': 'POST', 'path': '/api/calls/voice/continue', 'raw_path': b'/api/calls/voice...
          │                            │    └ <starlette.requests.Request object at 0x000002325C11BB90>
          │                            └ <function request_response.<locals>.app.<locals>.app at 0x0000023273840720>
          └ <function wrap_app_handling_exceptions at 0x000002325DB34F40>
  File "C:\Users\shreya163487\AppData\Local\Programs\Python\Python311\Lib\site-packages\starlette\_exception_handler.py", line 51, in wrapped_app
    await app(scope, receive, sender)
          │   │      │        └ <function wrap_app_handling_exceptions.<locals>.wrapped_app.<locals>.sender at 0x00000232738402C0>
          │   │      └ <function BaseHTTPMiddleware.__call__.<locals>.call_next.<locals>.receive_or_disconnect at 0x00000232737E72E0>
          │   └ {'type': 'http', 'http_version': '1.1', 'method': 'POST', 'path': '/api/calls/voice/continue', 'raw_path': b'/api/calls/voice...
          └ <function request_response.<locals>.app.<locals>.app at 0x0000023273840720>
  File "C:\Users\shreya163487\AppData\Local\Programs\Python\Python311\Lib\site-packages\starlette\routing.py", line 73, in app
    response = await f(request)
                     │ └ <starlette.requests.Request object at 0x000002325C11BB90>
                     └ <function get_request_handler.<locals>.app at 0x00000232723D72E0>
  File "C:\Users\shreya163487\AppData\Local\Programs\Python\Python311\Lib\site-packages\fastapi\routing.py", line 301, in app
    raw_response = await run_endpoint_function(
                         └ <function run_endpoint_function at 0x000002325DB36160>
  File "C:\Users\shreya163487\AppData\Local\Programs\Python\Python311\Lib\site-packages\fastapi\routing.py", line 212, in run_endpoint_function
    return await dependant.call(**values)
                 │         │      └ {'hr_turn': 3, 'name': 'Ava', 'position': 'SE', 'session_code': None, 'request': <starlette.requests.Request object at 0x0000...
                 │         └ <function voice_continue at 0x0000023260D337E0>
                 └ Dependant(path_params=[], query_params=[ModelField(field_info=Query(2), name='hr_turn', mode='validation'), ModelField(field_...

> File "D:\Smarthire2.0\SmartHire\backend\app\routes\calls.py", line 1436, in voice_continue
    hr_text = await generate_hr_line(
                    └ <function test_continue_endpoint_hangs_up_when_elevenlabs_audio_unavailable.<locals>.fake_line at 0x00000232723D7E20>

TypeError: test_continue_endpoint_hangs_up_when_elevenlabs_audio_unavailable.<locals>.fake_line() got an unexpected keyword argument 'session_code'
2026-05-03 15:50:42.329 | INFO     | app.logger:logging_middleware:84 - Response: POST /api/calls/voice/continue -> 200
2026-05-15 15:43:59.573 | INFO     | app.logger:setup_logging:37 - Logging initialized for SmartHire backend
2026-05-15 15:44:00.307 | INFO     | app.logger:log_routes:64 - Registered route
2026-05-15 15:44:00.309 | INFO     | app.logger:log_routes:64 - Registered route
2026-05-15 15:44:00.311 | INFO     | app.logger:log_routes:64 - Registered route
2026-05-15 15:44:00.314 | INFO     | app.logger:log_routes:64 - Registered route
2026-05-15 15:44:00.316 | INFO     | app.logger:log_routes:64 - Registered route
2026-05-15 15:44:00.320 | INFO     | app.logger:log_routes:64 - Registered route
2026-05-15 15:44:00.323 | INFO     | app.logger:log_routes:64 - Registered route
2026-05-15 15:44:00.327 | INFO     | app.logger:log_routes:64 - Registered route
2026-05-15 15:44:00.331 | INFO     | app.logger:log_routes:64 - Registered route
2026-05-15 15:44:00.338 | INFO     | app.logger:log_routes:64 - Registered route
2026-05-15 15:44:00.340 | INFO     | app.logger:log_routes:64 - Registered route
2026-05-15 15:44:00.345 | INFO     | app.logger:log_routes:64 - Registered route
2026-05-15 15:44:00.348 | INFO     | app.logger:log_routes:64 - Registered route
2026-05-15 15:44:00.352 | INFO     | app.logger:log_routes:64 - Registered route
2026-05-15 15:44:00.355 | INFO     | app.logger:log_routes:64 - Registered route
2026-05-15 15:44:00.359 | INFO     | app.logger:log_routes:64 - Registered route
2026-05-15 15:44:00.361 | INFO     | app.logger:log_routes:64 - Registered route
2026-05-15 15:44:00.365 | INFO     | app.logger:log_routes:64 - Registered route
2026-05-15 15:44:00.368 | INFO     | app.logger:log_routes:64 - Registered route
2026-05-15 15:44:00.372 | INFO     | app.logger:log_routes:64 - Registered route
2026-05-15 15:44:00.377 | INFO     | app.logger:log_routes:64 - Registered route
2026-05-15 15:44:00.380 | INFO     | app.logger:log_routes:64 - Registered route
2026-05-15 15:44:00.389 | INFO     | app.logger:log_routes:64 - Registered route
2026-05-15 15:44:00.393 | INFO     | app.logger:log_routes:64 - Registered route
2026-05-15 15:44:00.398 | INFO     | app.logger:log_routes:64 - Registered route
2026-05-15 15:44:00.408 | INFO     | app.logger:log_routes:64 - Registered route
2026-05-15 15:44:00.412 | INFO     | app.logger:log_routes:64 - Registered route
2026-05-15 15:44:00.415 | INFO     | app.logger:log_routes:64 - Registered route
2026-05-15 15:44:00.420 | INFO     | app.logger:log_routes:64 - Registered route
2026-05-15 15:44:00.426 | INFO     | app.logger:log_routes:64 - Registered route
2026-05-15 15:44:00.429 | INFO     | app.logger:log_routes:64 - Registered route
2026-05-15 15:44:00.433 | INFO     | app.logger:log_routes:64 - Registered route
2026-05-15 15:44:00.438 | INFO     | app.logger:log_routes:64 - Registered route
2026-05-15 15:44:00.441 | INFO     | app.logger:log_routes:64 - Registered route
2026-05-15 15:44:00.443 | INFO     | app.logger:log_routes:64 - Registered route
2026-05-15 15:44:00.447 | INFO     | app.logger:log_routes:64 - Registered route
2026-05-15 15:44:00.457 | INFO     | app.logger:log_routes:64 - Registered route
2026-05-15 15:44:00.460 | INFO     | app.logger:log_routes:64 - Registered route
2026-05-15 15:44:00.463 | INFO     | app.logger:log_routes:64 - Registered route
2026-05-15 15:44:00.466 | INFO     | app.logger:log_routes:64 - Registered route
2026-05-15 15:44:00.471 | INFO     | app.logger:log_routes:64 - Registered route
2026-05-15 15:44:00.473 | INFO     | app.logger:log_routes:64 - Registered route
2026-05-15 15:44:00.476 | INFO     | app.logger:log_routes:64 - Registered route
2026-05-15 15:44:00.478 | INFO     | app.logger:log_routes:64 - Registered route
2026-05-15 15:44:00.482 | INFO     | app.logger:log_routes:64 - Registered route
2026-05-15 15:44:00.487 | INFO     | app.logger:log_routes:64 - Registered route
2026-05-15 15:44:00.489 | INFO     | app.logger:log_routes:64 - Registered route
2026-05-15 15:44:00.491 | INFO     | app.logger:log_routes:64 - Registered route
2026-05-15 15:44:00.493 | INFO     | app.logger:log_routes:64 - Registered route
2026-05-15 15:44:00.496 | INFO     | app.logger:log_routes:64 - Registered route
2026-05-15 15:44:00.498 | INFO     | app.logger:log_routes:64 - Registered route
2026-05-15 15:44:00.506 | INFO     | app.logger:log_routes:64 - Registered route
2026-05-15 15:44:00.510 | INFO     | app.logger:log_routes:64 - Registered route
2026-05-15 15:44:00.514 | INFO     | app.logger:log_routes:64 - Registered route
2026-05-15 15:44:00.519 | INFO     | app.logger:log_routes:64 - Registered route
2026-05-15 15:44:00.523 | INFO     | app.logger:log_routes:64 - Registered route
2026-05-15 15:44:00.527 | INFO     | app.logger:log_routes:64 - Registered route
2026-05-15 15:44:00.530 | INFO     | app.logger:log_routes:64 - Registered route
2026-05-15 15:44:00.533 | INFO     | app.logger:log_routes:64 - Registered route
2026-05-15 15:44:00.538 | INFO     | app.logger:log_routes:64 - Registered route
2026-05-15 15:44:00.541 | INFO     | app.logger:log_routes:64 - Registered route
2026-05-15 15:44:00.545 | INFO     | app.logger:log_routes:64 - Registered route
2026-05-15 15:44:00.548 | INFO     | app.logger:log_routes:64 - Registered route
2026-05-15 15:44:00.552 | INFO     | app.logger:log_routes:64 - Registered route
